true:stable:3 true:stable:3 true:stable:3 true:stable:3 true:stable:3 true:stable:3 true:stable:3 true:stable:3 true:stable:3 true:stable:3
true:stable:3 true:stable:3 true:stable:3 true:stable:3 true:stable:3 true:stable:3 true:stable:3 true:stable:3 true:stable:3 true:stable:3
true:stable:3 true:stable:3 true:stable:3 true:stable:3 true:stable:3 true:stable:3 true:stable:3 true:stable:3 true:stable:3 true:stable:3
true:stable:3 true:stable:3 true:stable:3 true:stable:3 true:stable:3 true:stable:3 true:stable:3 true:stable:3 true:stable:3 true:stable:3
true:stable:3 true:stable:3 true:stable:3 true:stable:3 true:stable:3 true:stable:3 true:stable:3 true:stable:3 true:stable:3 true:stable:3
true:stable:3 true:stable:3 true:stable:3 true:stable:3 true:stable:3 true:stable:3 true:stable:3 true:stable:3 true:stable:3 true:stable:3
true:stable:3 true:stable:3 true:stable:3 true:stable:3 true:stable:3 true:stable:3 true:stable:3 true:stable:3 true:stable:3 true:stable:3
true:stable:3 true:stable:3 true:stable:3 true:stable:3 true:stable:3 true:stable:3 true:stable:3 true:stable:3 true:stable:3 true:stable:3
true:stable:3 true:stable:3 true:stable:3 true:stable:3 true:stable:3 true:stable:3 true:stable:3 true:stable:3 true:stable:3 true:stable:3
true:stable:3 true:stable:3 true:stable:3 true:stable:3 true:stable:3 true:stable:3 true:stable:3 true:stable:3 true:stable:3 true:stable:3